Initialized native services in: C:\Users\ghiri\.gradle\native
Initialized jansi services in: C:\Users\ghiri\.gradle\native
Found daemon DaemonInfo{pid=3096, address=[b0c9dd8e-616c-4537-8df9-aa72e7c87643 port:64340, addresses:[/127.0.0.1]], state=Idle, lastBusy=1771045869081, context=DefaultDaemonContext[uid=3fca1caa-b2cd-4417-a4d0-237b2c09ec11,javaHome=C:\Program Files\Java\jdk-17.0.4.1,javaVersion=17,javaVendor=Oracle Corporation,daemonRegistryDir=C:\Users\ghiri\.gradle\daemon,pid=3096,idleTimeout=10800000,priority=NORMAL,applyInstrumentationAgent=true,nativeServicesMode=ENABLED,daemonOpts=-XX:MaxMetaspaceSize=384m,-XX:+HeapDumpOnOutOfMemoryError,-Xms256m,-Xmx512m,-Dfile.encoding=UTF-8,-Duser.country=IN,-Duser.language=en,-Duser.variant]} however its context does not match the desired criteria.
At least one daemon option is different.
Wanted: DaemonRequestContext{jvmCriteria=C:\Program Files\Java\jdk-17.0.4.1 (no JDK specified, using current Java home), daemonOpts=[-XX:MaxMetaspaceSize=384m, -XX:+HeapDumpOnOutOfMemoryError, -Xms256m, -Xmx512m, -Dfile.encoding=windows-1252, -Duser.country=IN, -Duser.language=en, -Duser.variant], applyInstrumentationAgent=true, nativeServicesMode=ENABLED, priority=NORMAL}
Actual: DefaultDaemonContext[uid=3fca1caa-b2cd-4417-a4d0-237b2c09ec11,javaHome=C:\Program Files\Java\jdk-17.0.4.1,javaVersion=17,javaVendor=Oracle Corporation,daemonRegistryDir=C:\Users\ghiri\.gradle\daemon,pid=3096,idleTimeout=10800000,priority=NORMAL,applyInstrumentationAgent=true,nativeServicesMode=ENABLED,daemonOpts=-XX:MaxMetaspaceSize=384m,-XX:+HeapDumpOnOutOfMemoryError,-Xms256m,-Xmx512m,-Dfile.encoding=UTF-8,-Duser.country=IN,-Duser.language=en,-Duser.variant]

  Looking for a different daemon...
The client will now receive all logging from the daemon (pid: 8488). The daemon log file: C:\Users\ghiri\.gradle\daemon\8.14\daemon-8488.out.log
Starting 5th build in daemon [uptime: 10 mins 15.288 secs, performance: 100%, GC rate: 0.00/s, heap usage: 0% of 512 MiB, non-heap usage: 21% of 384 MiB]
Using 8 worker leases.
Now considering [D:\Codebases\Java\personal-finance-management\finance-tracker\finance-tracker] as hierarchies to watch
Watching the file system is configured to be enabled if available
File system watching is active
Starting Build
Settings evaluated using settings file 'D:\Codebases\Java\personal-finance-management\finance-tracker\finance-tracker\settings.gradle'.
Projects loaded. Root project using build file 'D:\Codebases\Java\personal-finance-management\finance-tracker\finance-tracker\build.gradle'.
Included projects: [root project 'finance-tracker', project ':finance-common', project ':finance-core', project ':finance-parser', project ':finance-processor', project ':finance-web']

> Configure project :
Evaluating root project 'finance-tracker' using build file 'D:\Codebases\Java\personal-finance-management\finance-tracker\finance-tracker\build.gradle'.
Resolved plugin [id: 'java']
Resolved plugin [id: 'org.springframework.boot', version: '3.2.1', apply: false]
Resolved plugin [id: 'io.spring.dependency-management', version: '1.1.4']
Applying dependency management to configuration 'annotationProcessor' in project 'finance-tracker'
Applying dependency management to configuration 'apiElements' in project 'finance-tracker'
Applying dependency management to configuration 'archives' in project 'finance-tracker'
Applying dependency management to configuration 'compileClasspath' in project 'finance-tracker'
Applying dependency management to configuration 'compileOnly' in project 'finance-tracker'
Applying dependency management to configuration 'default' in project 'finance-tracker'
Applying dependency management to configuration 'implementation' in project 'finance-tracker'
Applying dependency management to configuration 'mainSourceElements' in project 'finance-tracker'
Applying dependency management to configuration 'runtimeClasspath' in project 'finance-tracker'
Applying dependency management to configuration 'runtimeElements' in project 'finance-tracker'
Applying dependency management to configuration 'runtimeOnly' in project 'finance-tracker'
Applying dependency management to configuration 'testAnnotationProcessor' in project 'finance-tracker'
Applying dependency management to configuration 'testCompileClasspath' in project 'finance-tracker'
Applying dependency management to configuration 'testCompileOnly' in project 'finance-tracker'
Applying dependency management to configuration 'testImplementation' in project 'finance-tracker'
Applying dependency management to configuration 'testResultsElementsForTest' in project 'finance-tracker'
Applying dependency management to configuration 'testRuntimeClasspath' in project 'finance-tracker'
Applying dependency management to configuration 'testRuntimeOnly' in project 'finance-tracker'
Applying dependency management to configuration 'annotationProcessor' in project 'finance-common'
Applying dependency management to configuration 'apiElements' in project 'finance-common'
Applying dependency management to configuration 'archives' in project 'finance-common'
Applying dependency management to configuration 'compileClasspath' in project 'finance-common'
Applying dependency management to configuration 'compileOnly' in project 'finance-common'
Applying dependency management to configuration 'default' in project 'finance-common'
Applying dependency management to configuration 'implementation' in project 'finance-common'
Applying dependency management to configuration 'mainSourceElements' in project 'finance-common'
Applying dependency management to configuration 'runtimeClasspath' in project 'finance-common'
Applying dependency management to configuration 'runtimeElements' in project 'finance-common'
Applying dependency management to configuration 'runtimeOnly' in project 'finance-common'
Applying dependency management to configuration 'testAnnotationProcessor' in project 'finance-common'
Applying dependency management to configuration 'testCompileClasspath' in project 'finance-common'
Applying dependency management to configuration 'testCompileOnly' in project 'finance-common'
Applying dependency management to configuration 'testImplementation' in project 'finance-common'
Applying dependency management to configuration 'testResultsElementsForTest' in project 'finance-common'
Applying dependency management to configuration 'testRuntimeClasspath' in project 'finance-common'
Applying dependency management to configuration 'testRuntimeOnly' in project 'finance-common'
Applying dependency management to configuration 'annotationProcessor' in project 'finance-core'
Applying dependency management to configuration 'apiElements' in project 'finance-core'
Applying dependency management to configuration 'archives' in project 'finance-core'
Applying dependency management to configuration 'compileClasspath' in project 'finance-core'
Applying dependency management to configuration 'compileOnly' in project 'finance-core'
Applying dependency management to configuration 'default' in project 'finance-core'
Applying dependency management to configuration 'implementation' in project 'finance-core'
Applying dependency management to configuration 'mainSourceElements' in project 'finance-core'
Applying dependency management to configuration 'runtimeClasspath' in project 'finance-core'
Applying dependency management to configuration 'runtimeElements' in project 'finance-core'
Applying dependency management to configuration 'runtimeOnly' in project 'finance-core'
Applying dependency management to configuration 'testAnnotationProcessor' in project 'finance-core'
Applying dependency management to configuration 'testCompileClasspath' in project 'finance-core'
Applying dependency management to configuration 'testCompileOnly' in project 'finance-core'
Applying dependency management to configuration 'testImplementation' in project 'finance-core'
Applying dependency management to configuration 'testResultsElementsForTest' in project 'finance-core'
Applying dependency management to configuration 'testRuntimeClasspath' in project 'finance-core'
Applying dependency management to configuration 'testRuntimeOnly' in project 'finance-core'
Applying dependency management to configuration 'annotationProcessor' in project 'finance-parser'
Applying dependency management to configuration 'apiElements' in project 'finance-parser'
Applying dependency management to configuration 'archives' in project 'finance-parser'
Applying dependency management to configuration 'compileClasspath' in project 'finance-parser'
Applying dependency management to configuration 'compileOnly' in project 'finance-parser'
Applying dependency management to configuration 'default' in project 'finance-parser'
Applying dependency management to configuration 'implementation' in project 'finance-parser'
Applying dependency management to configuration 'mainSourceElements' in project 'finance-parser'
Applying dependency management to configuration 'runtimeClasspath' in project 'finance-parser'
Applying dependency management to configuration 'runtimeElements' in project 'finance-parser'
Applying dependency management to configuration 'runtimeOnly' in project 'finance-parser'
Applying dependency management to configuration 'testAnnotationProcessor' in project 'finance-parser'
Applying dependency management to configuration 'testCompileClasspath' in project 'finance-parser'
Applying dependency management to configuration 'testCompileOnly' in project 'finance-parser'
Applying dependency management to configuration 'testImplementation' in project 'finance-parser'
Applying dependency management to configuration 'testResultsElementsForTest' in project 'finance-parser'
Applying dependency management to configuration 'testRuntimeClasspath' in project 'finance-parser'
Applying dependency management to configuration 'testRuntimeOnly' in project 'finance-parser'
Applying dependency management to configuration 'annotationProcessor' in project 'finance-processor'
Applying dependency management to configuration 'apiElements' in project 'finance-processor'
Applying dependency management to configuration 'archives' in project 'finance-processor'
Applying dependency management to configuration 'compileClasspath' in project 'finance-processor'
Applying dependency management to configuration 'compileOnly' in project 'finance-processor'
Applying dependency management to configuration 'default' in project 'finance-processor'
Applying dependency management to configuration 'implementation' in project 'finance-processor'
Applying dependency management to configuration 'mainSourceElements' in project 'finance-processor'
Applying dependency management to configuration 'runtimeClasspath' in project 'finance-processor'
Applying dependency management to configuration 'runtimeElements' in project 'finance-processor'
Applying dependency management to configuration 'runtimeOnly' in project 'finance-processor'
Applying dependency management to configuration 'testAnnotationProcessor' in project 'finance-processor'
Applying dependency management to configuration 'testCompileClasspath' in project 'finance-processor'
Applying dependency management to configuration 'testCompileOnly' in project 'finance-processor'
Applying dependency management to configuration 'testImplementation' in project 'finance-processor'
Applying dependency management to configuration 'testResultsElementsForTest' in project 'finance-processor'
Applying dependency management to configuration 'testRuntimeClasspath' in project 'finance-processor'
Applying dependency management to configuration 'testRuntimeOnly' in project 'finance-processor'
Applying dependency management to configuration 'annotationProcessor' in project 'finance-web'
Applying dependency management to configuration 'apiElements' in project 'finance-web'
Applying dependency management to configuration 'archives' in project 'finance-web'
Applying dependency management to configuration 'compileClasspath' in project 'finance-web'
Applying dependency management to configuration 'compileOnly' in project 'finance-web'
Applying dependency management to configuration 'default' in project 'finance-web'
Applying dependency management to configuration 'implementation' in project 'finance-web'
Applying dependency management to configuration 'mainSourceElements' in project 'finance-web'
Applying dependency management to configuration 'runtimeClasspath' in project 'finance-web'
Applying dependency management to configuration 'runtimeElements' in project 'finance-web'
Applying dependency management to configuration 'runtimeOnly' in project 'finance-web'
Applying dependency management to configuration 'testAnnotationProcessor' in project 'finance-web'
Applying dependency management to configuration 'testCompileClasspath' in project 'finance-web'
Applying dependency management to configuration 'testCompileOnly' in project 'finance-web'
Applying dependency management to configuration 'testImplementation' in project 'finance-web'
Applying dependency management to configuration 'testResultsElementsForTest' in project 'finance-web'
Applying dependency management to configuration 'testRuntimeClasspath' in project 'finance-web'
Applying dependency management to configuration 'testRuntimeOnly' in project 'finance-web'

> Configure project :finance-common
Evaluating project ':finance-common' using build file 'D:\Codebases\Java\personal-finance-management\finance-tracker\finance-tracker\finance-common\build.gradle'.

> Configure project :finance-core
Evaluating project ':finance-core' using build file 'D:\Codebases\Java\personal-finance-management\finance-tracker\finance-tracker\finance-core\build.gradle'.

> Configure project :finance-parser
Evaluating project ':finance-parser' using build file 'D:\Codebases\Java\personal-finance-management\finance-tracker\finance-tracker\finance-parser\build.gradle'.

> Configure project :finance-processor
Evaluating project ':finance-processor' using build file 'D:\Codebases\Java\personal-finance-management\finance-tracker\finance-tracker\finance-processor\build.gradle'.

> Configure project :finance-web
Evaluating project ':finance-web' using build file 'D:\Codebases\Java\personal-finance-management\finance-tracker\finance-tracker\finance-web\build.gradle'.
Resolved plugin [id: 'org.springframework.boot']
Resolved plugin [id: 'io.spring.dependency-management']
Applying dependency management to configuration 'bootArchives' in project 'finance-web'
Applying dependency management to configuration 'productionRuntimeClasspath' in project 'finance-web'
Applying dependency management to configuration 'developmentOnly' in project 'finance-web'
Applying dependency management to configuration 'testAndDevelopmentOnly' in project 'finance-web'
All projects evaluated.
Task name matched 'test'
Selected primary task 'test' from project :
Tasks to be executed: [task ':compileJava', task ':processResources', task ':classes', task ':compileTestJava', task ':processTestResources', task ':testClasses', task ':test', task ':finance-common:compileJava', task ':finance-common:processResources', task ':finance-common:classes', task ':finance-common:jar', task ':finance-common:compileTestJava', task ':finance-common:processTestResources', task ':finance-common:testClasses', task ':finance-common:test', task ':finance-core:compileJava', task ':finance-core:processResources', task ':finance-core:classes', task ':finance-core:jar', task ':finance-core:compileTestJava', task ':finance-core:processTestResources', task ':finance-core:testClasses', task ':finance-core:test', task ':finance-parser:compileJava', task ':finance-parser:processResources', task ':finance-parser:classes', task ':finance-parser:jar', task ':finance-parser:compileTestJava', task ':finance-parser:processTestResources', task ':finance-parser:testClasses', task ':finance-parser:test', task ':finance-processor:compileJava', task ':finance-processor:processResources', task ':finance-processor:classes', task ':finance-processor:jar', task ':finance-processor:compileTestJava', task ':finance-processor:processTestResources', task ':finance-processor:testClasses', task ':finance-processor:test', task ':finance-web:compileJava', task ':finance-web:processResources', task ':finance-web:classes', task ':finance-web:compileTestJava', task ':finance-web:processTestResources', task ':finance-web:testClasses', task ':finance-web:test']
Tasks that were excluded: []
Resolve mutations for :compileJava (Thread[Execution worker,5,main]) started.
:compileJava (Thread[Execution worker,5,main]) started.

> Task :compileJava NO-SOURCE
Skipping task ':compileJava' as it has no source files and no previous output files.
Resolve mutations for :processResources (Thread[Execution worker,5,main]) started.
:processResources (Thread[Execution worker,5,main]) started.

> Task :processResources NO-SOURCE
Skipping task ':processResources' as it has no source files and no previous output files.
Resolve mutations for :classes (Thread[Execution worker,5,main]) started.
:classes (Thread[Execution worker Thread 7,5,main]) started.

> Task :classes UP-TO-DATE
Skipping task ':classes' as it has no actions.
Resolve mutations for :compileTestJava (Thread[Execution worker Thread 7,5,main]) started.
:compileTestJava (Thread[Execution worker Thread 7,5,main]) started.

> Task :compileTestJava NO-SOURCE
Skipping task ':compileTestJava' as it has no source files and no previous output files.
Resolve mutations for :processTestResources (Thread[Execution worker Thread 7,5,main]) started.
:processTestResources (Thread[Execution worker Thread 7,5,main]) started.

> Task :processTestResources NO-SOURCE
Skipping task ':processTestResources' as it has no source files and no previous output files.
Resolve mutations for :testClasses (Thread[Execution worker Thread 7,5,main]) started.
:testClasses (Thread[Execution worker Thread 7,5,main]) started.

> Task :testClasses UP-TO-DATE
Skipping task ':testClasses' as it has no actions.
Resolve mutations for :test (Thread[Execution worker Thread 7,5,main]) started.
:test (Thread[Execution worker Thread 7,5,main]) started.

> Task :test NO-SOURCE
Skipping task ':test' as it has no source files and no previous output files.
Resolve mutations for :finance-common:compileJava (Thread[Execution worker Thread 7,5,main]) started.
:finance-common:compileJava (Thread[Execution worker Thread 7,5,main]) started.

> Task :finance-common:compileJava UP-TO-DATE
Resolving global dependency management for project 'finance-common'
Excluding []
Excluding []
Caching disabled for task ':finance-common:compileJava' because:
  Build cache is disabled
Skipping task ':finance-common:compileJava' as it is up-to-date.
Resolve mutations for :finance-common:processResources (Thread[Execution worker Thread 7,5,main]) started.
:finance-common:processResources (Thread[Execution worker Thread 7,5,main]) started.

> Task :finance-common:processResources NO-SOURCE
Skipping task ':finance-common:processResources' as it has no source files and no previous output files.
Resolve mutations for :finance-common:classes (Thread[Execution worker Thread 7,5,main]) started.
:finance-common:classes (Thread[Execution worker Thread 7,5,main]) started.

> Task :finance-common:classes UP-TO-DATE
Skipping task ':finance-common:classes' as it has no actions.
Resolve mutations for :finance-common:jar (Thread[Execution worker Thread 7,5,main]) started.
:finance-common:jar (Thread[Execution worker Thread 7,5,main]) started.

> Task :finance-common:jar UP-TO-DATE
Caching disabled for task ':finance-common:jar' because:
  Build cache is disabled
  Not worth caching
Skipping task ':finance-common:jar' as it is up-to-date.
work action resolve finance-common-1.0.0.jar (project :finance-common) (Thread[Execution worker Thread 7,5,main]) started.
Resolve mutations for :finance-common:compileTestJava (Thread[Execution worker Thread 7,5,main]) started.
:finance-common:compileTestJava (Thread[Execution worker Thread 7,5,main]) started.

> Task :finance-common:compileTestJava NO-SOURCE
Skipping task ':finance-common:compileTestJava' as it has no source files and no previous output files.
Resolve mutations for :finance-common:processTestResources (Thread[Execution worker Thread 7,5,main]) started.
:finance-common:processTestResources (Thread[Execution worker Thread 7,5,main]) started.

> Task :finance-common:processTestResources NO-SOURCE
Skipping task ':finance-common:processTestResources' as it has no source files and no previous output files.
Resolve mutations for :finance-common:testClasses (Thread[Execution worker Thread 7,5,main]) started.
:finance-common:testClasses (Thread[Execution worker Thread 7,5,main]) started.

> Task :finance-common:testClasses UP-TO-DATE
Skipping task ':finance-common:testClasses' as it has no actions.
Resolve mutations for :finance-common:test (Thread[Execution worker Thread 7,5,main]) started.
:finance-common:test (Thread[Execution worker Thread 7,5,main]) started.

> Task :finance-common:test NO-SOURCE
Skipping task ':finance-common:test' as it has no source files and no previous output files.
Resolve mutations for :finance-core:compileJava (Thread[Execution worker Thread 7,5,main]) started.
:finance-core:compileJava (Thread[Execution worker Thread 7,5,main]) started.

> Task :finance-core:compileJava UP-TO-DATE
Resolving global dependency management for project 'finance-core'
Excluding []
Excluding []
Caching disabled for task ':finance-core:compileJava' because:
  Build cache is disabled
Skipping task ':finance-core:compileJava' as it is up-to-date.
Resolve mutations for :finance-core:processResources (Thread[Execution worker Thread 7,5,main]) started.
:finance-core:processResources (Thread[Execution worker Thread 7,5,main]) started.

> Task :finance-core:processResources NO-SOURCE
Skipping task ':finance-core:processResources' as it has no source files and no previous output files.
Resolve mutations for :finance-core:classes (Thread[Execution worker Thread 7,5,main]) started.
:finance-core:classes (Thread[Execution worker Thread 2,5,main]) started.

> Task :finance-core:classes UP-TO-DATE
Skipping task ':finance-core:classes' as it has no actions.
Resolve mutations for :finance-core:jar (Thread[Execution worker Thread 2,5,main]) started.
:finance-core:jar (Thread[Execution worker Thread 2,5,main]) started.

> Task :finance-core:jar UP-TO-DATE
Caching disabled for task ':finance-core:jar' because:
  Build cache is disabled
  Not worth caching
Skipping task ':finance-core:jar' as it is up-to-date.
work action resolve finance-core-1.0.0.jar (project :finance-core) (Thread[Execution worker Thread 2,5,main]) started.
Resolve mutations for :finance-core:compileTestJava (Thread[Execution worker Thread 2,5,main]) started.
:finance-core:compileTestJava (Thread[Execution worker Thread 2,5,main]) started.

> Task :finance-core:compileTestJava NO-SOURCE
Skipping task ':finance-core:compileTestJava' as it has no source files and no previous output files.
Resolve mutations for :finance-core:processTestResources (Thread[Execution worker Thread 2,5,main]) started.
:finance-core:processTestResources (Thread[Execution worker Thread 2,5,main]) started.

> Task :finance-core:processTestResources NO-SOURCE
Skipping task ':finance-core:processTestResources' as it has no source files and no previous output files.
Resolve mutations for :finance-core:testClasses (Thread[Execution worker Thread 2,5,main]) started.
:finance-core:testClasses (Thread[Execution worker Thread 2,5,main]) started.

> Task :finance-core:testClasses UP-TO-DATE
Skipping task ':finance-core:testClasses' as it has no actions.
Resolve mutations for :finance-core:test (Thread[Execution worker Thread 2,5,main]) started.
:finance-core:test (Thread[Execution worker Thread 2,5,main]) started.

> Task :finance-core:test NO-SOURCE
Skipping task ':finance-core:test' as it has no source files and no previous output files.
Resolve mutations for :finance-parser:compileJava (Thread[Execution worker Thread 2,5,main]) started.
:finance-parser:compileJava (Thread[Execution worker Thread 2,5,main]) started.

> Task :finance-parser:compileJava UP-TO-DATE
Resolving global dependency management for project 'finance-parser'
Excluding []
Excluding []
Caching disabled for task ':finance-parser:compileJava' because:
  Build cache is disabled
Skipping task ':finance-parser:compileJava' as it is up-to-date.
Resolve mutations for :finance-parser:processResources (Thread[Execution worker Thread 2,5,main]) started.
:finance-parser:processResources (Thread[Execution worker Thread 2,5,main]) started.

> Task :finance-parser:processResources UP-TO-DATE
Caching disabled for task ':finance-parser:processResources' because:
  Build cache is disabled
  Not worth caching
Skipping task ':finance-parser:processResources' as it is up-to-date.
Resolve mutations for :finance-parser:classes (Thread[Execution worker Thread 2,5,main]) started.
:finance-parser:classes (Thread[Execution worker Thread 2,5,main]) started.

> Task :finance-parser:classes UP-TO-DATE
Skipping task ':finance-parser:classes' as it has no actions.
Resolve mutations for :finance-parser:jar (Thread[Execution worker Thread 2,5,main]) started.
:finance-parser:jar (Thread[Execution worker Thread 2,5,main]) started.

> Task :finance-parser:jar UP-TO-DATE
Caching disabled for task ':finance-parser:jar' because:
  Build cache is disabled
  Not worth caching
Skipping task ':finance-parser:jar' as it is up-to-date.
work action resolve finance-parser-1.0.0.jar (project :finance-parser) (Thread[Execution worker Thread 2,5,main]) started.
Resolve mutations for :finance-parser:compileTestJava (Thread[Execution worker Thread 2,5,main]) started.
:finance-parser:compileTestJava (Thread[Execution worker Thread 2,5,main]) started.

> Task :finance-parser:compileTestJava UP-TO-DATE
Excluding []
Excluding []
Caching disabled for task ':finance-parser:compileTestJava' because:
  Build cache is disabled
Skipping task ':finance-parser:compileTestJava' as it is up-to-date.
Resolve mutations for :finance-parser:processTestResources (Thread[Execution worker Thread 2,5,main]) started.
:finance-parser:processTestResources (Thread[Execution worker Thread 2,5,main]) started.

> Task :finance-parser:processTestResources UP-TO-DATE
Caching disabled for task ':finance-parser:processTestResources' because:
  Build cache is disabled
  Not worth caching
Skipping task ':finance-parser:processTestResources' as it is up-to-date.
Resolve mutations for :finance-parser:testClasses (Thread[Execution worker Thread 2,5,main]) started.
:finance-parser:testClasses (Thread[Execution worker Thread 2,5,main]) started.

> Task :finance-parser:testClasses UP-TO-DATE
Skipping task ':finance-parser:testClasses' as it has no actions.
Resolve mutations for :finance-parser:test (Thread[Execution worker Thread 2,5,main]) started.
:finance-parser:test (Thread[Execution worker Thread 2,5,main]) started.
Gradle Test Executor 5 started executing tests.
Gradle Test Executor 5 finished executing tests.

> Task :finance-parser:test FAILED
Excluding []
Caching disabled for task ':finance-parser:test' because:
  Build cache is disabled
Task ':finance-parser:test' is not up-to-date because:
  Task has failed previously.
Starting process 'Gradle Test Executor 5'. Working directory: D:\Codebases\Java\personal-finance-management\finance-tracker\finance-tracker\finance-parser Command: C:\Program Files\Java\jdk-17.0.4.1\bin\java.exe -Dorg.gradle.internal.worker.tmpdir=D:\Codebases\Java\personal-finance-management\finance-tracker\finance-tracker\finance-parser\build\tmp\test\work @C:\Users\ghiri\.gradle\.tmp\gradle-worker-classpath16934145305619324524txt -Xmx512m -Dfile.encoding=windows-1252 -Duser.country=IN -Duser.language=en -Duser.variant -ea worker.org.gradle.process.internal.worker.GradleWorkerMain 'Gradle Test Executor 5'
Successfully started process 'Gradle Test Executor 5'

HdfcSavingsPdfParserTest > shouldParseSampleText() FAILED
    org.opentest4j.AssertionFailedError: expected: <UPI-WALMART-PAY> but was: <UPI-WALMART-PAY 123456>
        at app//org.junit.jupiter.api.AssertionFailureBuilder.build(AssertionFailureBuilder.java:151)
        at app//org.junit.jupiter.api.AssertionFailureBuilder.buildAndThrow(AssertionFailureBuilder.java:132)
        at app//org.junit.jupiter.api.AssertEquals.failNotEqual(AssertEquals.java:197)
        at app//org.junit.jupiter.api.AssertEquals.assertEquals(AssertEquals.java:182)
        at app//org.junit.jupiter.api.AssertEquals.assertEquals(AssertEquals.java:177)
        at app//org.junit.jupiter.api.Assertions.assertEquals(Assertions.java:1145)
        at app//app.personal.parser.HdfcSavingsPdfParserTest.shouldParseSampleText(HdfcSavingsPdfParserTest.java:44)
Finished generating test XML results (0.002 secs) into: D:\Codebases\Java\personal-finance-management\finance-tracker\finance-tracker\finance-parser\build\test-results\test
Generating HTML test report...
Finished generating test html results (0.007 secs) into: D:\Codebases\Java\personal-finance-management\finance-tracker\finance-tracker\finance-parser\build\reports\tests\test

[Incubating] Problems report is available at: file:///D:/Codebases/Java/personal-finance-management/finance-tracker/finance-tracker/build/reports/problems/problems-report.html

Deprecated Gradle features were used in this build, making it incompatible with Gradle 9.0.

./gradlew.bat : 
At line:1 char:1
+ ./gradlew.bat test --tests 
app.personal.parser.HdfcSavingsPdfParserTe 
...
+ ~~~~~~~~~~~~~~~~~~~~~~~~~~~~~~~~~~~~~~~~~~
~~~~~~~~~~~~~~~~~~~~~~~~~~~
    + CategoryInfo          : NotSpecified: 
    (:String) [], RemoteException
    + FullyQualifiedErrorId : NativeCommand 
   Error
 
1 test completed, 1 failed

FAILURE: Build failed with an exception.

* What went wrong:
Execution failed for task 
':finance-parser:test'.
> There were failing tests. See the report 
at: file:///D:/Codebases/Java/personal-finan
ce-management/finance-tracker/finance-tracke
r/finance-parser/build/reports/tests/test/in
dex.html

* Try:
> Run with --scan to get full insights.
You can use '--warning-mode all' to show the individual deprecation warnings and determine if they come from your own scripts or plugins.

For more on this, please refer to https://docs.gradle.org/8.14/userguide/command_line_interface.html#sec:command_line_warnings in the Gradle documentation.

BUILD FAILED in 3s
10 actionable tasks: 1 executed, 9 up-to-date
Watched directory hierarchies: [D:\Codebases\Java\personal-finance-management\finance-tracker\finance-tracker]
